********* Start testing of UiTests *********
Config: Using QtTest library 6.8.3, Qt 6.8.3 (x86_64-little_endian-lp64 shared (dynamic) release build; by GCC 10.3.1 20210422 (Red Hat 10.3.1-1)), ubuntu 22.04
PASS   : UiTests::initTestCase()
PASS   : UiTests::inferenceParameterWheelScrollsPanelWithoutChangingValues(input-size-unfocused)
PASS   : UiTests::inferenceParameterWheelScrollsPanelWithoutChangingValues(input-size-focused)
PASS   : UiTests::inferenceParameterWheelScrollsPanelWithoutChangingValues(confidence-unfocused)
PASS   : UiTests::inferenceParameterWheelScrollsPanelWithoutChangingValues(confidence-focused)
PASS   : UiTests::inferenceParameterWheelScrollsPanelWithoutChangingValues(nms-iou-unfocused)
PASS   : UiTests::inferenceParameterWheelScrollsPanelWithoutChangingValues(nms-iou-focused)
PASS   : UiTests::automaticSaveDirectoryButtonOpensConfiguredLocalFolder(default-results-directory)
PASS   : UiTests::automaticSaveDirectoryButtonOpensConfiguredLocalFolder(configured-directory-with-spaces)
QWARN  : UiTests::modelLibraryInternalMovesPreserveGlobalSelectionAndPersistAfterRestart() This plugin does not support propagateSizeHints()
PASS   : UiTests::modelLibraryInternalMovesPreserveGlobalSelectionAndPersistAfterRestart()
QWARN  : UiTests::completedFolderResultsCanBeReviewedAndExported(rgb) This plugin does not support propagateSizeHints()
QWARN  : UiTests::completedFolderResultsCanBeReviewedAndExported(rgb) This plugin does not support propagateSizeHints()
PASS   : UiTests::completedFolderResultsCanBeReviewedAndExported(rgb)
QWARN  : UiTests::completedFolderResultsCanBeReviewedAndExported(grayscale) This plugin does not support propagateSizeHints()
QWARN  : UiTests::completedFolderResultsCanBeReviewedAndExported(grayscale) This plugin does not support propagateSizeHints()
PASS   : UiTests::completedFolderResultsCanBeReviewedAndExported(grayscale)
QWARN  : UiTests::importedFolderLargerThanFiftyImagesIsFullyProcessedAndReviewable() This plugin does not support propagateSizeHints()
PASS   : UiTests::importedFolderLargerThanFiftyImagesIsFullyProcessedAndReviewable()
QWARN  : UiTests::partiallyCompletedFolderResultsRemainReviewableAfterStopping() This plugin does not support propagateSizeHints()
PASS   : UiTests::partiallyCompletedFolderResultsRemainReviewableAfterStopping()
QWARN  : UiTests::completedFolderResultsRemainReviewableAfterLaterImageReadFails() This plugin does not support propagateSizeHints()
QWARN  : UiTests::completedFolderResultsRemainReviewableAfterLaterImageReadFails() This plugin does not support propagateSizeHints()
PASS   : UiTests::completedFolderResultsRemainReviewableAfterLaterImageReadFails()
QWARN  : UiTests::completedFolderResultsAreInvalidatedWhenModelOrDeviceChanges(global-model) This plugin does not support propagateSizeHints()
PASS   : UiTests::completedFolderResultsAreInvalidatedWhenModelOrDeviceChanges(global-model)
QWARN  : UiTests::completedFolderResultsAreInvalidatedWhenModelOrDeviceChanges(compute-device) This plugin does not support propagateSizeHints()
PASS   : UiTests::completedFolderResultsAreInvalidatedWhenModelOrDeviceChanges(compute-device)
QWARN  : UiTests::zeroDetectionFolderResultsSurviveReviewAndCancelledRerunClearsThem() This plugin does not support propagateSizeHints()
QWARN  : UiTests::zeroDetectionFolderResultsSurviveReviewAndCancelledRerunClearsThem() This plugin does not support propagateSizeHints()
PASS   : UiTests::zeroDetectionFolderResultsSurviveReviewAndCancelledRerunClearsThem()
PASS   : UiTests::cleanupTestCase()
Totals: 19 passed, 0 failed, 0 skipped, 0 blacklisted, 20537ms
********* Finished testing of UiTests *********
